[backblue.gif]
[fade.gif]
[index.html]
[www.lac-info.com/img/social-sharing/V-1.jpg]
[www.lac-info.com/js/vendor/webtrends.min.js]
[www.lac-info.com/favicon.ico]
[www.lac-info.com/js/vendor/modernizr.min.js]
[www.lac-info.com/img/teaser/stage-a-label.png]
[www.lac-info.com/img/final/the-pill.png]
[www.lac-info.com/img/final/intrauterine_system.png]
[www.lac-info.com/img/final/intrauterine_device.png]
[www.lac-info.com/img/final/contraceptive_implant.png]
[www.lac-info.com/img/final/ico-period-pill.png]
[www.lac-info.com/img/final/ico-period-ius.png]
[www.lac-info.com/img/final/ico-period-iud.png]
[www.lac-info.com/img/final/ico-period-implant.png]
[www.lac-info.com/img/final/ico-reliable-pill.png]
[www.lac-info.com/img/final/ico-reliable-ius.png]
[www.lac-info.com/img/final/ico-reliable-iud.png]
[www.lac-info.com/img/final/ico-reliable-implant.png]
[www.lac-info.com/img/final/ico-affect-pill.png]
[www.lac-info.com/img/final/ico-affect-ius.png]
[www.lac-info.com/img/final/ico-affect-iud.png]
[www.lac-info.com/img/final/ico-affect-implant.png]
[www.lac-info.com/img/final/ico-weight-pill.png]
[www.lac-info.com/img/final/ico-weight-ius.png]
[www.lac-info.com/img/final/ico-weight-iud.png]
[www.lac-info.com/img/final/ico-weight-implant.png]
[www.lac-info.com/img/final/ico-preg-pill.png]
[www.lac-info.com/img/final/ico-preg-ius.png]
[www.lac-info.com/img/final/ico-preg-iud.png]
[www.lac-info.com/img/final/ico-preg-implant.png]
[www.lac-info.com/img/final/ico-video.png]
[www.lac-info.com/img/final/contraceptive-implant-how-it-works.gif]
[www.lac-info.com/img/video-cover/video-01.jpg]
[www.facebook.com/dialog/feed36bf.html]
[www.lac-info.com/img/video-thumbnails/video-01.jpg]
[www.lac-info.com/img/video-cover/video-02.jpg]
[www.lac-info.com/img/video-thumbnails/video-02.jpg]
[www.lac-info.com/img/video-cover/video-03.jpg]
[www.lac-info.com/img/video-thumbnails/video-03.jpg]
[41.media.tumblr.com/73353c62e65e33de71f776456cb91539/tumblr_o3pp7brEIc1u1x6wjo1_400.png]
[scontent.cdninstagram.com/t51.2885-15/e35/12424627_189562291415445_151763005_n7d92.jpg]
[36.media.tumblr.com/86dea4bcb2b24454c30ccb80cba50ba6/tumblr_o3tj9uu0Ls1u1x6wjo1_400.png]
[www.lac-info.com/pdf/Bayer_LAC_Checklist-0.pdf]
[www.lac-info.com/js/vendor/jquery.min.js]
[www.lac-info.com/js/vendor/jquery.ui.min.js]
[www.lac-info.com/js/vendor/scrollReveal.min.js]
[www.lac-info.com/js/vendor/jquery.ui.accordion.expandable.js]
[www.lac-info.com/js/vendor/jquery.tooltipster.js]
[www.lac-info.com/js/vendor/jquery.fancybox.pack.js]
[www.lac-info.com/js/vendor/jquery.jplayer.min.js]
[www.lac-info.com/js/vendor/enquire.min.js]
[www.lac-info.com/js/vendor/smart.resize.js]
[www.lac-info.com/js/vendor/TweenMax.min.js]
[www.lac-info.com/js/vendor/jquery.superscrollorama.js]
[www.lac-info.com/js/vendor/ScrollToPlugin.min.js]
[www.lac-info.com/js/vendor/jscrollpane.min.js]
[www.lac-info.com/js/vendor/foundation.js]
[www.lac-info.com/js/vendor/foundation.equalizer.js]
[www.lac-info.com/js/vendor/owl.carousel.js]
[www.lac-info.com/js/vendor/jquery.color.min.js]
[www.lac-info.com/js/vendor/jquery.mCustomScrollbar.concat.min.js]
[www.lac-info.com/js/plugins.js]
[www.lac-info.com/js/main.js]
[www.lac-info.com/js/animation.js]
[www.lac-info.com/js/tracking.js]
[www.lac-info.com/index.html]
[www.lac-info.com/fonts/Helvetica.Neue-Regular.woff]
[www.lac-info.com/fonts/Helvetica.Neue-Regular.ttf]
[www.lac-info.com/fonts/Helvetica.Neue-Medium.woff]
[www.lac-info.com/fonts/Helvetica.Neue-Medium.ttf]
[www.lac-info.com/fonts/Helvetica.Neue-Bold.woff]
[www.lac-info.com/fonts/Helvetica.Neue-Bold.ttf]
[www.lac-info.com/fonts/Helvetica.Neue-Light.woff]
[www.lac-info.com/fonts/Helvetica.Neue-Light.ttf]
[www.lac-info.com/fonts/Patrick.Hand-Regular.woff]
[www.lac-info.com/fonts/Patrick.Hand-Regular.ttf]
[www.lac-info.com/fonts/BryantPro-Regular.woff]
[www.lac-info.com/fonts/BryantPro-Light.woff]
[www.lac-info.com/fonts/ITCAvantGardeStd-Md.woff]
[www.lac-info.com/fonts/ITCAvantGardeStd-Md.ttf]
[www.lac-info.com/img/fancybox/fancybox_sprite.png]
[www.lac-info.com/img/fancybox/fancybox_loading.gif]
[www.lac-info.com/img/ico-lightbox-close.png]
[www.lac-info.com/img/fancybox/blank.gif]
[www.lac-info.com/img/bullet-list.png]
[www.lac-info.com/img/bullet-plus.png]
[www.lac-info.com/img/bullet-minus.png]
[www.lac-info.com/img/bkg-tb-corner.png]
[www.lac-info.com/img/fancybox/fancybox_loading@2x.gif]
[www.lac-info.com/img/video-play.png]
[www.lac-info.com/img/video-pause.png]
[www.lac-info.com/img/jplayer.pink.jpg]
[www.lac-info.com/img/video-bar-button.png]
[www.lac-info.com/img/jplayer.pink.seeking.gif]
[www.lac-info.com/img/video-vol-min.png]
[www.lac-info.com/img/video-vol-mute.png]
[www.lac-info.com/img/video-vol-max.png]
[www.lac-info.com/img/video-volume-button.png]
[www.lac-info.com/img/jplayer.pink.video.play.png]
[www.lac-info.com/img/scroll-arrow-up.png]
[www.lac-info.com/img/scroll-arrow-down.png]
[www.lac-info.com/img/ico-nav-arrow-hover.png]
[www.lac-info.com/img/ico-nav-arrow.png]
[www.lac-info.com/img/log-bayer.png]
[www.lac-info.com/img/long-acting-contraception-navigation.jpg]
[www.lac-info.com/img/protection-lac.png]
[www.lac-info.com/img/noforgetting-lac.png]
[www.lac-info.com/img/efficacy-lac.png]
[www.lac-info.com/img/final/ico-arrw-down.png]
[www.lac-info.com/img/final/ico-fb.png]
[www.lac-info.com/img/final/ico-fb-hover.png]
[www.lac-info.com/img/final/ico-tw.png]
[www.lac-info.com/img/final/ico-tw-hover.png]
[www.lac-info.com/img/final/ico-gplus.png]
[www.lac-info.com/img/final/ico-gplus-hover.png]
[www.lac-info.com/img/final/ico-print.png]
[www.lac-info.com/img/final/ico-print-hover.png]
[www.lac-info.com/img/stickybar/bkg-pill.png]
[www.lac-info.com/img/stickybar/bkg-ius.png]
[www.lac-info.com/img/stickybar/bkg-iud.png]
[www.lac-info.com/img/stickybar/bkg-implant.png]
[www.lac-info.com/img/bkg-pill.png]
[www.lac-info.com/img/teaser/stage-a-bubble.png]
[www.lac-info.com/img/teaser/stage-a-woman.png]
[www.lac-info.com/img/teaser/stage-c-woman.png]
[www.lac-info.com/img/teaser/stage-c-green-bubble.png]
[www.lac-info.com/img/teaser/stage-c-blue-bubble.png]
[www.lac-info.com/img/teaser/stage-c-purple-bubble.png]
[www.lac-info.com/img/teaser/stage-404-woman.png]
[www.lac-info.com/img/teaser/stage-404-bubble.png]
[www.lac-info.com/img/teaser-2015/perfect-match-human.png]
[www.lac-info.com/img/teaser-2016/header-blog.jpg]
[www.lac-info.com/img/teaser-2015/manefesto-human.png]
[www.lac-info.com/img/ico-checked-btm.png]
[www.lac-info.com/img/ico-checkbox-checked.png]
[www.lac-info.com/img/ico-checkbox-primary.png]
[www.lac-info.com/img/ico-checkbox-hover.png]
[www.lac-info.com/img/bg-guide-1-1-before-sm.png]
[www.lac-info.com/img/bg-guide-1-1-before-lg.png]
[www.lac-info.com/img/bg-guide-1-1-after-lg.png]
[www.lac-info.com/img/bg-guide-1-2-before-sm.png]
[www.lac-info.com/img/bg-guide-1-2-before-lg.png]
[www.lac-info.com/img/bg-guide-1-2-after-lg.png]
[www.lac-info.com/img/bg-guide-1-3-before-sm.png]
[www.lac-info.com/img/bg-guide-1-3-before-lg.png]
[www.lac-info.com/img/bg-guide-2-1-before-sm.png]
[www.lac-info.com/img/bg-guide-2-1-before-lg.png]
[www.lac-info.com/img/bg-guide-2-1-after-lg.png]
[www.lac-info.com/img/bg-guide-2-2-before-sm.png]
[www.lac-info.com/img/bg-guide-2-2-before-lg.png]
[www.lac-info.com/img/bg-guide-3-1-before-sm.png]
[www.lac-info.com/img/bg-guide-3-1-before-lg.png]
[www.lac-info.com/img/bg-guide-3-1-after-lg.png]
[www.lac-info.com/img/bg-guide-3-2-before-sm.png]
[www.lac-info.com/img/bg-guide-3-2-before-lg.png]
[www.lac-info.com/img/bg-guide-3-2-after-lg.png]
[www.lac-info.com/img/bg-guide-4-1-before-sm.png]
[www.lac-info.com/img/bg-guide-4-1-before-lg.png]
[www.lac-info.com/img/bg-guide-4-1-after-lg.png]
[www.lac-info.com/img/bg-guide-4-2-before-sm.png]
[www.lac-info.com/img/bg-guide-4-2-before-lg.png]
[www.lac-info.com/img/bg-guide-5-1-before-sm.png]
[www.lac-info.com/img/bg-guide-5-1-before-lg.png]
[www.lac-info.com/img/bg-guide-5-1-after-lg.png]
[www.lac-info.com/img/bg-guide-5-2-before-sm.png]
[www.lac-info.com/img/bg-guide-5-2-before-lg.png]
[www.lac-info.com/img/bg-guide-5-2-after-lg.png]
[www.lac-info.com/img/bg-guide-6-2-before-sm.png]
[www.lac-info.com/img/bg-guide-6-2-before-lg.png]
[www.lac-info.com/img/bg-guide-6-2-after-lg.png]
[www.lac-info.com/img/bg-guide-7-1-before-sm.png]
[www.lac-info.com/img/bg-guide-7-1-before-lg.png]
[www.lac-info.com/img/bg-guide-7-2-before-sm.png]
[www.lac-info.com/img/bg-guide-7-2-before-lg.png]
[www.lac-info.com/img/bg-guide-7-2-after-lg.png]
[www.lac-info.com/img/bg-guide-8-1-before-sm.png]
[www.lac-info.com/img/bg-guide-8-1-before-lg.png]
[www.lac-info.com/img/bg-guide-8-1-after-sm.png]
[www.lac-info.com/img/bg-guide-8-2-before-sm.png]
[www.lac-info.com/img/bg-guide-8-2-after-lg.png]
[www.lac-info.com/img/ico-right-arrow.png]
[www.lac-info.com/img/ico-close.png]
[www.lac-info.com/img/bg-helper-guide-1-before.png]
[www.lac-info.com/img/bg-helper-guide-1-before-md.png]
[www.lac-info.com/img/bg-helper-guide-1-before-lg.png]
[www.lac-info.com/img/bg-helper-guide-1-after.png]
[www.lac-info.com/img/bg-helper-guide-1-after-md.png]
[www.lac-info.com/img/bg-helper-guide-1-after-lg.png]
[www.lac-info.com/img/bg-helper-guide-2-before.png]
[www.lac-info.com/img/bg-helper-guide-2-before-md.png]
[www.lac-info.com/img/bg-helper-guide-2-before-lg.png]
[www.lac-info.com/img/bg-helper-guide-2-after.png]
[www.lac-info.com/img/bg-helper-guide-2-after-md.png]
[www.lac-info.com/img/bg-helper-guide-2-after-lg.png]
[www.lac-info.com/img/bg-helper-guide-3-before.png]
[www.lac-info.com/img/bg-helper-guide-3-before-md.png]
[www.lac-info.com/img/bg-helper-guide-3-before-lg.png]
[www.lac-info.com/img/bg-helper-guide-3-after.png]
[www.lac-info.com/img/bg-helper-guide-3-after-md.png]
[www.lac-info.com/img/bg-helper-guide-3-after-lg.png]
[www.lac-info.com/img/final/ico-arrw-down-sm.png]
[www.lac-info.com/img/final/ico-tooltip.png]
[www.lac-info.com/img/final/girls-long-acting-contraception-sm.jpg]
[www.lac-info.com/img/final/girls-long-acting-contraception.jpg]
[www.lac-info.com/img/final/ico-check.png]
[www.lac-info.com/img/final/intrauterine_system_hover.png]
[www.lac-info.com/img/final/intrauterine_device_hover.png]
[www.lac-info.com/img/final/contraceptive_implant_hover.png]
[www.lac-info.com/img/final/girl-with-doctor-sm.jpg]
[www.lac-info.com/img/final/girl-with-doctor.jpg]
[www.lac-info.com/img/personal-checklist-lac.png]
[www.lac-info.com/img/personal-checklist-lac-md.png]
[www.lac-info.com/img/bg-guide-arrow-download.png]
[www.lac-info.com/img/bg-guide-arrow-download-lg.png]
[www.lac-info.com/img/ico-link.png]
[www.lac-info.com/img/helper-friend.jpg]
[www.lac-info.com/img/helper-doctor.jpg]
[www.lac-info.com/img/helper-self.jpg]
[www.lac-info.com/img/faq/ico-faq-close.png]
[www.lac-info.com/img/faq/ico-faq-toggle-s.png]
[www.lac-info.com/img/faq/ico-faq-toggle.png]
[www.lac-info.com/img/faq/myth-different-age-s.png]
[www.lac-info.com/img/faq/myth-different-age-l.png]
[www.lac-info.com/img/faq/myth-fertility-s.png]
[www.lac-info.com/img/faq/myth-fertility-l.png]
[www.lac-info.com/img/faq/myth-placing-s.png]
[www.lac-info.com/img/faq/myth-placing-l.png]
[www.lac-info.com/img/faq/myth-body-shape-s.png]
[www.lac-info.com/img/faq/myth-body-shape-l.png]
[www.lac-info.com/img/video-play-pink-hover.png]
[www.lac-info.com/img/yt-play-button.png]
[www.lac-info.com/img/video-play-pink.png]
[www.lac-info.com/img/dmy/tumblr-icons-sprite.png]
[www.lac-info.com/img/dmy/media-dummy.jpg]
[www.lac-info.com/img/dmy/media-dummy2.jpg]
[www.lac-info.com/img/dmy/media-dummy3.jpg]
[www.lac-info.com/img/final/ico-brackets-end.png]
[www.lac-info.com/img/final/ico-brackets-body.png]
[www.lac-info.com/img/final/ico-euro-pill.png]
[www.lac-info.com/img/final/ico-euro-ius.png]
[www.lac-info.com/img/final/ico-euro-iud.png]
[www.lac-info.com/img/final/ico-euro-implant.png]
[www.lac-info.com/img/video-play-blue.png]
[www.lac-info.com/img/video-play-blue-hover.png]
[www.lac-info.com/img/final/ico-brackets.png]
[www.lac-info.com/img/ico-backtotop.png]
[www.lac-info.com/css/main.css]
[www.lac-info.com/js/vendor/jquery.mousewheel.pack.js]
[www.lac-info.com/js/app-lightbox.js]
[www.lac-info.com/includes/ajax/side-effect.ajax0e93.html]
[www.lac-info.com/includes/ajax/side-effect.ajax7f68.html]
[www.lac-info.com/includes/ajax/side-effect.ajax9be1.html]
[www.lac-info.com/includes/ajax/side-effect.ajax7d57.html]
[www.lac-info.com/img/dmy/dmy-find-out-02.png]
[www.lac-info.com/img/dmy/dmy-find-out-01.png]
[www.lac-info.com/includes/ajax/find-out-more.ajax0e93.html]
[www.lac-info.com/includes/ajax/find-out-more.ajax7f68.html]
[www.lac-info.com/includes/ajax/find-out-more.ajax9be1.html]
[www.lac-info.com/includes/ajax/find-out-more.ajax7d57.html]
[www.facebook.com/dialog/feedac5b.html]
[static.xx.fbcdn.net/rsrc.php/v2/y3/r/lMfUjJwnCKi.css]
[static.xx.fbcdn.net/rsrc.php/v2/yC/r/zZ7OdT8iHbL.css]
[static.xx.fbcdn.net/rsrc.php/v2/yf/r/5hWuftjVSFs.css]
[static.xx.fbcdn.net/rsrc.php/v2/yi/r/i4bDdSMjpD0.js]
[static.xx.fbcdn.net/rsrc.php/v2iYJm4/yq/l/th_TH/QZW7TAdn1Yj.js]
[www.facebook.com/dialog/feed36bf.html]
[static.xx.fbcdn.net/rsrc.php/v2/y_/r/6VIaYzQ8h21.js]
[www.lac-info.com/includes/ajax/accessibility.ajax.html]
[www.lac-info.com/includes/ajax/conditions-of-use.ajax.html]
[www.lac-info.com/includes/ajax/privacy-statement.ajax.html]
[www.lac-info.com/includes/ajax/imprint.ajax.html]
[www.lac-info.com/fonts/Helvetica.Neue-Regular.svg]
[www.lac-info.com/fonts/Helvetica.Neue-Medium.svg]
[www.lac-info.com/fonts/Helvetica.Neue-Bold.svg]
[www.lac-info.com/fonts/Helvetica.Neue-Light.svg]
[www.lac-info.com/fonts/Patrick.Hand-Regular.svg]
[www.lac-info.com/fonts/ITCAvantGardeStd-Md.svg]
[www.lac-info.com/css/mCSB_buttons.html]
[www.lac-info.com/img/faq/ico-faq-search-hover.svg]
[www.lac-info.com/img/faq/ico-faq-remove-hover.svg]
[www.lac-info.com/img/faq/ico-faq-tampon-hover.svg]
[www.lac-info.com/img/faq/ico-faq-fall-hover.svg]
[www.lac-info.com/img/faq/ico-faq-heart-hover.svg]
[www.lac-info.com/img/faq/ico-faq-condom-hover.svg]
[www.lac-info.com/img/faq/ico-faq-ius-hover.svg]
[www.lac-info.com/img/faq/ico-faq-blood-hover.svg]
[www.lac-info.com/img/faq/ico-faq-ius-vs-iud-hover.svg]
[www.lac-info.com/img/faq/ico-faq-implant-insert-hover.svg]
[www.lac-info.com/img/faq/ico-faq-implant-hover.svg]
[www.lac-info.com/img/faq/ico-faq-clock-hover.svg]
[www.lac-info.com/img/faq/ico-faq-search.svg]
[www.lac-info.com/img/faq/ico-faq-remove.svg]
[www.lac-info.com/img/faq/ico-faq-tampon.svg]
[www.lac-info.com/img/faq/ico-faq-fall.svg]
[www.lac-info.com/img/faq/ico-faq-heart.svg]
[www.lac-info.com/img/faq/ico-faq-condom.svg]
[www.lac-info.com/img/faq/ico-faq-ius.svg]
[www.lac-info.com/img/faq/ico-faq-blood.svg]
[www.lac-info.com/img/faq/ico-faq-ius-vs-iud.svg]
[www.lac-info.com/img/faq/ico-faq-implant-insert.svg]
[www.lac-info.com/img/faq/ico-faq-implant.svg]
[www.lac-info.com/img/faq/ico-faq-clock.svg]
[www.lac-info.com/img/autocomplete_marker.html]
[www.lac-info.com/includes/ajax/favicon.html]
[www.facebook.com/dialog/feedac5b.html]
[static.xx.fbcdn.net/rsrc.php/v2/ye/r/0qx-vnsuxPL.png]
[static.xx.fbcdn.net/rsrc.php/v2/yU/r/O7nelmd9XSI.png]
[static.xx.fbcdn.net/rsrc.php/v2/y6/r/eFrKTvRvpX9.png]
[static.xx.fbcdn.net/rsrc.php/v2/yu/r/ihdxZr4UqO6.png]
[static.xx.fbcdn.net/rsrc.php/v2/yW/r/Cg43IrsPc7P.png]
[static.xx.fbcdn.net/rsrc.php/v2/ya/r/xhqoB-vsYoT.png]
[static.xx.fbcdn.net/rsrc.php/v2/yD/r/t-wz8gw1xG1.png]
[static.xx.fbcdn.net/rsrc.php/v2/y-/r/AGUNXgX_Wx3.gif]
[static.xx.fbcdn.net/rsrc.php/v2/yG/r/b53Ajb4ihCP.gif]
[static.xx.fbcdn.net/rsrc.php/v2/y3/r/lMfUjJwnCKi.css]
[static.xx.fbcdn.net/rsrc.php/v2/yI/r/sEuwQW_kcRT.png]
[static.xx.fbcdn.net/rsrc.php/v2/yN/r/-BU-kqxCOf-.png]
[static.xx.fbcdn.net/rsrc.php/v2/yI/r/N859vY8yQ6p.png]
[static.xx.fbcdn.net/rsrc.php/v2/yX/r/XTBCJQ4brFv.png]
[static.xx.fbcdn.net/rsrc.php/v2/yt/r/9P4tFVoazCQ.png]
[static.xx.fbcdn.net/rsrc.php/v2/yl/r/seydRWcRiTg.png]
[static.xx.fbcdn.net/rsrc.php/v2/ye/r/ui6i-KsMj_C.png]
[static.xx.fbcdn.net/rsrc.php/v2/y_/r/pAT_aWF8wR_.png]
[static.xx.fbcdn.net/rsrc.php/v2/yb/r/GsNJNwuI-UM.gif]
[static.xx.fbcdn.net/rsrc.php/v2/yA/r/4WSewcWboV8.png]
[static.xx.fbcdn.net/rsrc.php/v2/yx/r/ogYrclupeJV.png]
[static.xx.fbcdn.net/rsrc.php/v2/yj/r/ubIGOTIgUYc.png]
[static.xx.fbcdn.net/rsrc.php/v2/yo/r/33RpiRygxAr.png]
[static.xx.fbcdn.net/rsrc.php/v2/y7/r/gmSNAxiWQKY.png]
[static.xx.fbcdn.net/rsrc.php/v2/yz/r/oxEY7WFsJrB.png]
[static.xx.fbcdn.net/rsrc.php/v2/yT/r/Vi-KTnbdMKr.png]
[static.xx.fbcdn.net/rsrc.php/v2/yM/r/NBYvgFic_Jk.png]
[static.xx.fbcdn.net/rsrc.php/v2/y_/r/eWmOHYAzV_7.png]
[static.xx.fbcdn.net/rsrc.php/v2/ym/r/yXpRAoZ0irQ.png]
[static.xx.fbcdn.net/rsrc.php/v2/yG/r/O8_o5wA0LpM.png]
[static.xx.fbcdn.net/rsrc.php/v2/yV/r/N4CM9eriGaf.png]
[static.xx.fbcdn.net/rsrc.php/v2/yl/r/NtxfCiWWu4q.png]
[static.xx.fbcdn.net/rsrc.php/v2/yG/r/F2AxWmaQ-sW.png]
[static.xx.fbcdn.net/rsrc.php/v2/yk/r/uN3PLJQI8Sw.png]
[static.xx.fbcdn.net/rsrc.php/v2/yj/r/sfJmkLfesvd.png]
[static.xx.fbcdn.net/rsrc.php/v2/yC/r/zZ7OdT8iHbL.css]
[static.xx.fbcdn.net/rsrc.php/v2/yL/r/unHwF9CkMyM.png]
[static.xx.fbcdn.net/rsrc.php/v2/y7/r/95dK0JvdDAj.png]
[static.xx.fbcdn.net/rsrc.php/v2/yf/r/5hWuftjVSFs.css]
[static.xx.fbcdn.net/rsrc.php/v2/yi/r/i4bDdSMjpD0.js]
[static.xx.fbcdn.net/rsrc.php/v2iYJm4/yq/l/th_TH/QZW7TAdn1Yj.js]
[static.xx.fbcdn.net/rsrc.php/v2/y_/r/6VIaYzQ8h21.js]
[www.lac-info.com/img/faq/tampon_hover.html]
[www.lac-info.com/img/faq/tampon_normal.html]
